
======================================================================
SYMBOL TABLE MANAGER - UNIT TESTS
======================================================================

======================================================================
TEST SUMMARY
======================================================================
Tests run: 12
Successes: 12
Failures: 0
Errors: 0
======================================================================
